// Jest Snapshot v1, https://goo.gl/fbAQLP

exports[`basic struct serialization serializes a PrivateCircuitPublicInputs and calls trivial C++ code 1`] = `
"call_context: msg_sender: 0x1
storage_contract_address: 0x2
tx_origin: 0x3
is_delegate_call: 1
is_static_call: 1
is_contract_deployment: 1

args: [ 0x1 0x2 0x3 0x4 0x5 0x6 0x7 0x8 ]
return_values: [ 0x1 0x2 0x3 0x4 ]
emitted_events: [ 0x1 0x2 0x3 0x4 ]
new_commitments: [ 0x1 0x2 0x3 0x4 ]
new_nullifiers: [ 0x1 0x2 0x3 0x4 ]
private_call_stack: [ 0x1 0x2 0x3 0x4 ]
public_call_stack: [ 0x1 0x2 0x1 0x31000000c8cd1200000000000000000000000000000000 ]
l1_msg_stack: [ 0x612d020000000000000000000000000000000000000000 0x412d020000000000000000000000000000000000000000 ]
old_private_data_tree_root: 0x212d020000000000000000000000000000000000000000
old_nullifier_tree_root: 0x0
old_nullifier_tree_root: 0x0
contract_deployment_data: constructor_vk_hash: 0x0
function_tree_root: 0x0
contract_address_salt: 0x0
portal_contract_address: 0x0

"
`;

exports[`basic struct serialization serializes a TxContext and calls trivial C++ code 1`] = `
"is_fee_payment_tx: 0
is_rebate_payment_tx: 0
is_contract_deployment_tx: 1
contract_deployment_data: 
constructor_vk_hash: 0x1
function_tree_root: 0x2
contract_address_salt: 0x3
portal_contract_address: 0x4
"
`;
